// Jest Snapshot v1, https://goo.gl/fbAQLP

exports[`instruments: test sum result 1`] = `8`;
